------------------------------------------------------------
TimeQuest Timing Analyzer Summary
------------------------------------------------------------

Type  : Slow 1200mV 85C Model Setup 'IPpllGenerator0|altpll_component|auto_generated|pll1|clk[0]'
Slack : 13.805
TNS   : 0.000

Type  : Slow 1200mV 85C Model Setup 'CLOCK_50'
Slack : 13.976
TNS   : 0.000

Type  : Slow 1200mV 85C Model Hold 'IPpllGenerator0|altpll_component|auto_generated|pll1|clk[0]'
Slack : 0.333
TNS   : 0.000

Type  : Slow 1200mV 85C Model Hold 'CLOCK_50'
Slack : 0.358
TNS   : 0.000

Type  : Slow 1200mV 85C Model Recovery 'CLOCK_50'
Slack : 17.345
TNS   : 0.000

Type  : Slow 1200mV 85C Model Removal 'CLOCK_50'
Slack : 1.114
TNS   : 0.000

Type  : Slow 1200mV 85C Model Minimum Pulse Width 'CLOCK_50'
Slack : 9.502
TNS   : 0.000

Type  : Slow 1200mV 85C Model Minimum Pulse Width 'IPpllGenerator0|altpll_component|auto_generated|pll1|clk[0]'
Slack : 15.369
TNS   : 0.000

Type  : Slow 1200mV 0C Model Setup 'IPpllGenerator0|altpll_component|auto_generated|pll1|clk[0]'
Slack : 13.964
TNS   : 0.000

Type  : Slow 1200mV 0C Model Setup 'CLOCK_50'
Slack : 14.539
TNS   : 0.000

Type  : Slow 1200mV 0C Model Hold 'CLOCK_50'
Slack : 0.312
TNS   : 0.000

Type  : Slow 1200mV 0C Model Hold 'IPpllGenerator0|altpll_component|auto_generated|pll1|clk[0]'
Slack : 0.312
TNS   : 0.000

Type  : Slow 1200mV 0C Model Recovery 'CLOCK_50'
Slack : 17.613
TNS   : 0.000

Type  : Slow 1200mV 0C Model Removal 'CLOCK_50'
Slack : 1.016
TNS   : 0.000

Type  : Slow 1200mV 0C Model Minimum Pulse Width 'CLOCK_50'
Slack : 9.496
TNS   : 0.000

Type  : Slow 1200mV 0C Model Minimum Pulse Width 'IPpllGenerator0|altpll_component|auto_generated|pll1|clk[0]'
Slack : 15.368
TNS   : 0.000

Type  : Fast 1200mV 0C Model Setup 'IPpllGenerator0|altpll_component|auto_generated|pll1|clk[0]'
Slack : 14.444
TNS   : 0.000

Type  : Fast 1200mV 0C Model Setup 'CLOCK_50'
Slack : 16.513
TNS   : 0.000

Type  : Fast 1200mV 0C Model Hold 'IPpllGenerator0|altpll_component|auto_generated|pll1|clk[0]'
Slack : 0.178
TNS   : 0.000

Type  : Fast 1200mV 0C Model Hold 'CLOCK_50'
Slack : 0.187
TNS   : 0.000

Type  : Fast 1200mV 0C Model Recovery 'CLOCK_50'
Slack : 18.406
TNS   : 0.000

Type  : Fast 1200mV 0C Model Removal 'CLOCK_50'
Slack : 0.606
TNS   : 0.000

Type  : Fast 1200mV 0C Model Minimum Pulse Width 'CLOCK_50'
Slack : 9.212
TNS   : 0.000

Type  : Fast 1200mV 0C Model Minimum Pulse Width 'IPpllGenerator0|altpll_component|auto_generated|pll1|clk[0]'
Slack : 15.376
TNS   : 0.000

------------------------------------------------------------
