------------------------------------------------------------
TimeQuest Timing Analyzer Summary
------------------------------------------------------------

Type  : Slow 1200mV 85C Model Setup 'IPpllGenerator0|altpll_component|auto_generated|pll1|clk[0]'
Slack : 13.633
TNS   : 0.000

Type  : Slow 1200mV 85C Model Setup 'CLOCK_50'
Slack : 14.248
TNS   : 0.000

Type  : Slow 1200mV 85C Model Hold 'IPpllGenerator0|altpll_component|auto_generated|pll1|clk[0]'
Slack : 0.322
TNS   : 0.000

Type  : Slow 1200mV 85C Model Hold 'CLOCK_50'
Slack : 0.357
TNS   : 0.000

Type  : Slow 1200mV 85C Model Recovery 'CLOCK_50'
Slack : 17.242
TNS   : 0.000

Type  : Slow 1200mV 85C Model Removal 'CLOCK_50'
Slack : 0.888
TNS   : 0.000

Type  : Slow 1200mV 85C Model Minimum Pulse Width 'CLOCK_50'
Slack : 9.502
TNS   : 0.000

Type  : Slow 1200mV 85C Model Minimum Pulse Width 'IPpllGenerator0|altpll_component|auto_generated|pll1|clk[0]'
Slack : 15.369
TNS   : 0.000

Type  : Slow 1200mV 0C Model Setup 'IPpllGenerator0|altpll_component|auto_generated|pll1|clk[0]'
Slack : 13.838
TNS   : 0.000

Type  : Slow 1200mV 0C Model Setup 'CLOCK_50'
Slack : 14.807
TNS   : 0.000

Type  : Slow 1200mV 0C Model Hold 'IPpllGenerator0|altpll_component|auto_generated|pll1|clk[0]'
Slack : 0.311
TNS   : 0.000

Type  : Slow 1200mV 0C Model Hold 'CLOCK_50'
Slack : 0.312
TNS   : 0.000

Type  : Slow 1200mV 0C Model Recovery 'CLOCK_50'
Slack : 17.524
TNS   : 0.000

Type  : Slow 1200mV 0C Model Removal 'CLOCK_50'
Slack : 0.800
TNS   : 0.000

Type  : Slow 1200mV 0C Model Minimum Pulse Width 'CLOCK_50'
Slack : 9.499
TNS   : 0.000

Type  : Slow 1200mV 0C Model Minimum Pulse Width 'IPpllGenerator0|altpll_component|auto_generated|pll1|clk[0]'
Slack : 15.368
TNS   : 0.000

Type  : Fast 1200mV 0C Model Setup 'IPpllGenerator0|altpll_component|auto_generated|pll1|clk[0]'
Slack : 14.369
TNS   : 0.000

Type  : Fast 1200mV 0C Model Setup 'CLOCK_50'
Slack : 16.575
TNS   : 0.000

Type  : Fast 1200mV 0C Model Hold 'IPpllGenerator0|altpll_component|auto_generated|pll1|clk[0]'
Slack : 0.161
TNS   : 0.000

Type  : Fast 1200mV 0C Model Hold 'CLOCK_50'
Slack : 0.187
TNS   : 0.000

Type  : Fast 1200mV 0C Model Recovery 'CLOCK_50'
Slack : 18.350
TNS   : 0.000

Type  : Fast 1200mV 0C Model Removal 'CLOCK_50'
Slack : 0.486
TNS   : 0.000

Type  : Fast 1200mV 0C Model Minimum Pulse Width 'CLOCK_50'
Slack : 9.212
TNS   : 0.000

Type  : Fast 1200mV 0C Model Minimum Pulse Width 'IPpllGenerator0|altpll_component|auto_generated|pll1|clk[0]'
Slack : 15.377
TNS   : 0.000

------------------------------------------------------------
