------------------------------------------------------------
TimeQuest Timing Analyzer Summary
------------------------------------------------------------

Type  : Slow 1200mV 85C Model Setup 'IPpllGenerator0|altpll_component|auto_generated|pll1|clk[1]'
Slack : 4.606
TNS   : 0.000

Type  : Slow 1200mV 85C Model Setup 'IPpllGenerator0|altpll_component|auto_generated|pll1|clk[0]'
Slack : 4.712
TNS   : 0.000

Type  : Slow 1200mV 85C Model Hold 'IPpllGenerator0|altpll_component|auto_generated|pll1|clk[1]'
Slack : 0.236
TNS   : 0.000

Type  : Slow 1200mV 85C Model Hold 'IPpllGenerator0|altpll_component|auto_generated|pll1|clk[0]'
Slack : 0.358
TNS   : 0.000

Type  : Slow 1200mV 85C Model Minimum Pulse Width 'IPpllGenerator0|altpll_component|auto_generated|pll1|clk[0]'
Slack : 8.079
TNS   : 0.000

Type  : Slow 1200mV 85C Model Minimum Pulse Width 'CLOCK_50'
Slack : 9.747
TNS   : 0.000

Type  : Slow 1200mV 85C Model Minimum Pulse Width 'IPpllGenerator0|altpll_component|auto_generated|pll1|clk[1]'
Slack : 12.244
TNS   : 0.000

Type  : Slow 1200mV 0C Model Setup 'IPpllGenerator0|altpll_component|auto_generated|pll1|clk[1]'
Slack : 5.009
TNS   : 0.000

Type  : Slow 1200mV 0C Model Setup 'IPpllGenerator0|altpll_component|auto_generated|pll1|clk[0]'
Slack : 5.066
TNS   : 0.000

Type  : Slow 1200mV 0C Model Hold 'IPpllGenerator0|altpll_component|auto_generated|pll1|clk[1]'
Slack : 0.236
TNS   : 0.000

Type  : Slow 1200mV 0C Model Hold 'IPpllGenerator0|altpll_component|auto_generated|pll1|clk[0]'
Slack : 0.312
TNS   : 0.000

Type  : Slow 1200mV 0C Model Minimum Pulse Width 'IPpllGenerator0|altpll_component|auto_generated|pll1|clk[0]'
Slack : 8.076
TNS   : 0.000

Type  : Slow 1200mV 0C Model Minimum Pulse Width 'CLOCK_50'
Slack : 9.709
TNS   : 0.000

Type  : Slow 1200mV 0C Model Minimum Pulse Width 'IPpllGenerator0|altpll_component|auto_generated|pll1|clk[1]'
Slack : 12.243
TNS   : 0.000

Type  : Fast 1200mV 0C Model Setup 'IPpllGenerator0|altpll_component|auto_generated|pll1|clk[1]'
Slack : 6.161
TNS   : 0.000

Type  : Fast 1200mV 0C Model Setup 'IPpllGenerator0|altpll_component|auto_generated|pll1|clk[0]'
Slack : 6.228
TNS   : 0.000

Type  : Fast 1200mV 0C Model Hold 'IPpllGenerator0|altpll_component|auto_generated|pll1|clk[1]'
Slack : 0.109
TNS   : 0.000

Type  : Fast 1200mV 0C Model Hold 'IPpllGenerator0|altpll_component|auto_generated|pll1|clk[0]'
Slack : 0.186
TNS   : 0.000

Type  : Fast 1200mV 0C Model Minimum Pulse Width 'IPpllGenerator0|altpll_component|auto_generated|pll1|clk[0]'
Slack : 8.086
TNS   : 0.000

Type  : Fast 1200mV 0C Model Minimum Pulse Width 'CLOCK_50'
Slack : 9.416
TNS   : 0.000

Type  : Fast 1200mV 0C Model Minimum Pulse Width 'IPpllGenerator0|altpll_component|auto_generated|pll1|clk[1]'
Slack : 12.251
TNS   : 0.000

------------------------------------------------------------
