------------------------------------------------------------
TimeQuest Timing Analyzer Summary
------------------------------------------------------------

Type  : Slow 1200mV 85C Model Setup 'IPpllGenerator0|altpll_component|auto_generated|pll1|clk[0]'
Slack : 8.556
TNS   : 0.000

Type  : Slow 1200mV 85C Model Setup 'IPpllGenerator0|altpll_component|auto_generated|pll1|clk[1]'
Slack : 13.291
TNS   : 0.000

Type  : Slow 1200mV 85C Model Hold 'IPpllGenerator0|altpll_component|auto_generated|pll1|clk[1]'
Slack : 0.306
TNS   : 0.000

Type  : Slow 1200mV 85C Model Hold 'IPpllGenerator0|altpll_component|auto_generated|pll1|clk[0]'
Slack : 0.358
TNS   : 0.000

Type  : Slow 1200mV 85C Model Minimum Pulse Width 'IPpllGenerator0|altpll_component|auto_generated|pll1|clk[0]'
Slack : 7.559
TNS   : 0.000

Type  : Slow 1200mV 85C Model Minimum Pulse Width 'CLOCK_50'
Slack : 9.747
TNS   : 0.000

Type  : Slow 1200mV 85C Model Minimum Pulse Width 'IPpllGenerator0|altpll_component|auto_generated|pll1|clk[1]'
Slack : 15.368
TNS   : 0.000

Type  : Slow 1200mV 0C Model Setup 'IPpllGenerator0|altpll_component|auto_generated|pll1|clk[0]'
Slack : 9.211
TNS   : 0.000

Type  : Slow 1200mV 0C Model Setup 'IPpllGenerator0|altpll_component|auto_generated|pll1|clk[1]'
Slack : 13.514
TNS   : 0.000

Type  : Slow 1200mV 0C Model Hold 'IPpllGenerator0|altpll_component|auto_generated|pll1|clk[1]'
Slack : 0.299
TNS   : 0.000

Type  : Slow 1200mV 0C Model Hold 'IPpllGenerator0|altpll_component|auto_generated|pll1|clk[0]'
Slack : 0.312
TNS   : 0.000

Type  : Slow 1200mV 0C Model Minimum Pulse Width 'IPpllGenerator0|altpll_component|auto_generated|pll1|clk[0]'
Slack : 7.555
TNS   : 0.000

Type  : Slow 1200mV 0C Model Minimum Pulse Width 'CLOCK_50'
Slack : 9.709
TNS   : 0.000

Type  : Slow 1200mV 0C Model Minimum Pulse Width 'IPpllGenerator0|altpll_component|auto_generated|pll1|clk[1]'
Slack : 15.368
TNS   : 0.000

Type  : Fast 1200mV 0C Model Setup 'IPpllGenerator0|altpll_component|auto_generated|pll1|clk[0]'
Slack : 11.379
TNS   : 0.000

Type  : Fast 1200mV 0C Model Setup 'IPpllGenerator0|altpll_component|auto_generated|pll1|clk[1]'
Slack : 14.139
TNS   : 0.000

Type  : Fast 1200mV 0C Model Hold 'IPpllGenerator0|altpll_component|auto_generated|pll1|clk[1]'
Slack : 0.152
TNS   : 0.000

Type  : Fast 1200mV 0C Model Hold 'IPpllGenerator0|altpll_component|auto_generated|pll1|clk[0]'
Slack : 0.186
TNS   : 0.000

Type  : Fast 1200mV 0C Model Minimum Pulse Width 'IPpllGenerator0|altpll_component|auto_generated|pll1|clk[0]'
Slack : 7.567
TNS   : 0.000

Type  : Fast 1200mV 0C Model Minimum Pulse Width 'CLOCK_50'
Slack : 9.416
TNS   : 0.000

Type  : Fast 1200mV 0C Model Minimum Pulse Width 'IPpllGenerator0|altpll_component|auto_generated|pll1|clk[1]'
Slack : 15.376
TNS   : 0.000

------------------------------------------------------------
