------------------------------------------------------------
TimeQuest Timing Analyzer Summary
------------------------------------------------------------

Type  : Slow 1200mV 85C Model Setup 'IPpllGenerator0|altpll_component|auto_generated|pll1|clk[0]'
Slack : 6.115
TNS   : 0.000

Type  : Slow 1200mV 85C Model Setup 'IPpllGenerator0|altpll_component|auto_generated|pll1|clk[1]'
Slack : 9.352
TNS   : 0.000

Type  : Slow 1200mV 85C Model Hold 'IPpllGenerator0|altpll_component|auto_generated|pll1|clk[1]'
Slack : 0.250
TNS   : 0.000

Type  : Slow 1200mV 85C Model Hold 'IPpllGenerator0|altpll_component|auto_generated|pll1|clk[0]'
Slack : 0.358
TNS   : 0.000

Type  : Slow 1200mV 85C Model Minimum Pulse Width 'IPpllGenerator0|altpll_component|auto_generated|pll1|clk[0]'
Slack : 5.997
TNS   : 0.000

Type  : Slow 1200mV 85C Model Minimum Pulse Width 'CLOCK_50'
Slack : 9.747
TNS   : 0.000

Type  : Slow 1200mV 85C Model Minimum Pulse Width 'IPpllGenerator0|altpll_component|auto_generated|pll1|clk[1]'
Slack : 12.243
TNS   : 0.000

Type  : Slow 1200mV 0C Model Setup 'IPpllGenerator0|altpll_component|auto_generated|pll1|clk[0]'
Slack : 6.763
TNS   : 0.000

Type  : Slow 1200mV 0C Model Setup 'IPpllGenerator0|altpll_component|auto_generated|pll1|clk[1]'
Slack : 9.672
TNS   : 0.000

Type  : Slow 1200mV 0C Model Hold 'IPpllGenerator0|altpll_component|auto_generated|pll1|clk[1]'
Slack : 0.244
TNS   : 0.000

Type  : Slow 1200mV 0C Model Hold 'IPpllGenerator0|altpll_component|auto_generated|pll1|clk[0]'
Slack : 0.312
TNS   : 0.000

Type  : Slow 1200mV 0C Model Minimum Pulse Width 'IPpllGenerator0|altpll_component|auto_generated|pll1|clk[0]'
Slack : 5.993
TNS   : 0.000

Type  : Slow 1200mV 0C Model Minimum Pulse Width 'CLOCK_50'
Slack : 9.709
TNS   : 0.000

Type  : Slow 1200mV 0C Model Minimum Pulse Width 'IPpllGenerator0|altpll_component|auto_generated|pll1|clk[1]'
Slack : 12.243
TNS   : 0.000

Type  : Fast 1200mV 0C Model Setup 'IPpllGenerator0|altpll_component|auto_generated|pll1|clk[0]'
Slack : 8.779
TNS   : 0.000

Type  : Fast 1200mV 0C Model Setup 'IPpllGenerator0|altpll_component|auto_generated|pll1|clk[1]'
Slack : 10.501
TNS   : 0.000

Type  : Fast 1200mV 0C Model Hold 'IPpllGenerator0|altpll_component|auto_generated|pll1|clk[1]'
Slack : 0.118
TNS   : 0.000

Type  : Fast 1200mV 0C Model Hold 'IPpllGenerator0|altpll_component|auto_generated|pll1|clk[0]'
Slack : 0.182
TNS   : 0.000

Type  : Fast 1200mV 0C Model Minimum Pulse Width 'IPpllGenerator0|altpll_component|auto_generated|pll1|clk[0]'
Slack : 6.004
TNS   : 0.000

Type  : Fast 1200mV 0C Model Minimum Pulse Width 'CLOCK_50'
Slack : 9.416
TNS   : 0.000

Type  : Fast 1200mV 0C Model Minimum Pulse Width 'IPpllGenerator0|altpll_component|auto_generated|pll1|clk[1]'
Slack : 12.251
TNS   : 0.000

------------------------------------------------------------
